Archive member included to satisfy reference by file (symbol)

d:/psoc creator/4.4/psoc creator/import/gnu/arm/5.4.1/bin/../lib/gcc/arm-none-eabi/5.4.1/armv7e-m/softfp\libgcc.a(_arm_addsubdf3.o)
                              .\CortexM4\ARM_GCC_541\Debug\cy_sysclk.o (__aeabi_f2d)
d:/psoc creator/4.4/psoc creator/import/gnu/arm/5.4.1/bin/../lib/gcc/arm-none-eabi/5.4.1/armv7e-m/softfp\libgcc.a(_arm_muldivdf3.o)
                              .\CortexM4\ARM_GCC_541\Debug\cy_sysclk.o (__aeabi_ddiv)
d:/psoc creator/4.4/psoc creator/import/gnu/arm/5.4.1/bin/../lib/gcc/arm-none-eabi/5.4.1/armv7e-m/softfp\libgcc.a(_arm_fixunsdfsi.o)
                              .\CortexM4\ARM_GCC_541\Debug\cy_sysclk.o (__aeabi_d2uiz)
d:/psoc creator/4.4/psoc creator/import/gnu/arm/5.4.1/bin/../lib/gcc/arm-none-eabi/5.4.1/armv7e-m/softfp\libgcc.a(_aeabi_uldivmod.o)
                              .\CortexM4\ARM_GCC_541\Debug\cy_sysclk.o (__aeabi_uldivmod)
d:/psoc creator/4.4/psoc creator/import/gnu/arm/5.4.1/bin/../lib/gcc/arm-none-eabi/5.4.1/armv7e-m/softfp\libgcc.a(_udivmoddi4.o)
                              d:/psoc creator/4.4/psoc creator/import/gnu/arm/5.4.1/bin/../lib/gcc/arm-none-eabi/5.4.1/armv7e-m/softfp\libgcc.a(_aeabi_uldivmod.o) (__udivmoddi4)
d:/psoc creator/4.4/psoc creator/import/gnu/arm/5.4.1/bin/../lib/gcc/arm-none-eabi/5.4.1/armv7e-m/softfp\libgcc.a(_dvmd_tls.o)
                              d:/psoc creator/4.4/psoc creator/import/gnu/arm/5.4.1/bin/../lib/gcc/arm-none-eabi/5.4.1/armv7e-m/softfp\libgcc.a(_aeabi_uldivmod.o) (__aeabi_ldiv0)
d:/psoc creator/4.4/psoc creator/import/gnu/arm/5.4.1/bin/../lib/gcc/arm-none-eabi/5.4.1/../../../../arm-none-eabi/lib/armv7e-m/softfp\libg_nano.a(lib_a-exit.o)
                              d:/psoc creator/4.4/psoc creator/import/gnu/arm/5.4.1/bin/../lib/gcc/arm-none-eabi/5.4.1/../../../../arm-none-eabi/lib/armv7e-m/softfp/crt0.o (exit)
d:/psoc creator/4.4/psoc creator/import/gnu/arm/5.4.1/bin/../lib/gcc/arm-none-eabi/5.4.1/../../../../arm-none-eabi/lib/armv7e-m/softfp\libg_nano.a(lib_a-impure.o)
                              d:/psoc creator/4.4/psoc creator/import/gnu/arm/5.4.1/bin/../lib/gcc/arm-none-eabi/5.4.1/../../../../arm-none-eabi/lib/armv7e-m/softfp\libg_nano.a(lib_a-exit.o) (_global_impure_ptr)
d:/psoc creator/4.4/psoc creator/import/gnu/arm/5.4.1/bin/../lib/gcc/arm-none-eabi/5.4.1/../../../../arm-none-eabi/lib/armv7e-m/softfp\libg_nano.a(lib_a-init.o)
                              d:/psoc creator/4.4/psoc creator/import/gnu/arm/5.4.1/bin/../lib/gcc/arm-none-eabi/5.4.1/../../../../arm-none-eabi/lib/armv7e-m/softfp/crt0.o (__libc_init_array)
d:/psoc creator/4.4/psoc creator/import/gnu/arm/5.4.1/bin/../lib/gcc/arm-none-eabi/5.4.1/../../../../arm-none-eabi/lib/armv7e-m/softfp\libg_nano.a(lib_a-memset.o)
                              d:/psoc creator/4.4/psoc creator/import/gnu/arm/5.4.1/bin/../lib/gcc/arm-none-eabi/5.4.1/../../../../arm-none-eabi/lib/armv7e-m/softfp/crt0.o (memset)
d:/psoc creator/4.4/psoc creator/import/gnu/arm/5.4.1/bin/../lib/gcc/arm-none-eabi/5.4.1/../../../../arm-none-eabi/lib/armv7e-m/softfp\libg_nano.a(lib_a-strncpy.o)
                              .\CortexM4\ARM_GCC_541\Debug\cy_syslib.o (strncpy)
d:/psoc creator/4.4/psoc creator/import/gnu/arm/5.4.1/bin/../lib/gcc/arm-none-eabi/5.4.1/../../../../arm-none-eabi/lib/armv7e-m/softfp\libnosys.a(_exit.o)
                              d:/psoc creator/4.4/psoc creator/import/gnu/arm/5.4.1/bin/../lib/gcc/arm-none-eabi/5.4.1/../../../../arm-none-eabi/lib/armv7e-m/softfp\libg_nano.a(lib_a-exit.o) (_exit)
d:/psoc creator/4.4/psoc creator/import/gnu/arm/5.4.1/bin/../lib/gcc/arm-none-eabi/5.4.1/../../../../arm-none-eabi/lib/armv7e-m/softfp\libm.a(lib_a-s_floor.o)
                              .\CortexM4\ARM_GCC_541\Debug\cy_sysclk.o (floor)
d:/psoc creator/4.4/psoc creator/import/gnu/arm/5.4.1/bin/../lib/gcc/arm-none-eabi/5.4.1/../../../../arm-none-eabi/lib/armv7e-m/softfp\libm.a(lib_a-sf_ceil.o)
                              .\CortexM4\ARM_GCC_541\Debug\cy_sysclk.o (ceilf)
d:/psoc creator/4.4/psoc creator/import/gnu/arm/5.4.1/bin/../lib/gcc/arm-none-eabi/5.4.1/../../../../arm-none-eabi/lib/armv7e-m/softfp\libm.a(lib_a-w_log.o)
                              .\CortexM4\ARM_GCC_541\Debug\cy_sysclk.o (log)
d:/psoc creator/4.4/psoc creator/import/gnu/arm/5.4.1/bin/../lib/gcc/arm-none-eabi/5.4.1/../../../../arm-none-eabi/lib/armv7e-m/softfp\libm.a(lib_a-e_log.o)
                              d:/psoc creator/4.4/psoc creator/import/gnu/arm/5.4.1/bin/../lib/gcc/arm-none-eabi/5.4.1/../../../../arm-none-eabi/lib/armv7e-m/softfp\libm.a(lib_a-w_log.o) (__ieee754_log)
d:/psoc creator/4.4/psoc creator/import/gnu/arm/5.4.1/bin/../lib/gcc/arm-none-eabi/5.4.1/../../../../arm-none-eabi/lib/armv7e-m/softfp\libm.a(lib_a-s_lib_ver.o)
[...]
Memory Configuration

Name             Origin             Length             Attributes
ram              0x08024000         0x00023800         xrw
flash            0x10080000         0x00080000         xr
em_eeprom        0x14000000         0x00008000         xr
sflash_user_data 0x16000800         0x00000800         xr
sflash_nar       0x16001a00         0x00000200         xr
sflash_public_key 0x16005a00         0x00000c00         xr
sflash_toc_2     0x16007c00         0x00000200         xr
sflash_rtoc_2    0x16007e00         0x00000200         xr
xip              0x18000000         0x08000000         xr
efuse            0x90700000         0x00100000         r
*default*        0x00000000         0xffffffff

Linker script and memory map

LOAD d:/psoc creator/4.4/psoc creator/import/gnu/arm/5.4.1/bin/../lib/gcc/arm-none-eabi/5.4.1/armv7e-m/softfp/crti.o
LOAD d:/psoc creator/4.4/psoc creator/import/gnu/arm/5.4.1/bin/../lib/gcc/arm-none-eabi/5.4.1/armv7e-m/softfp/crtbegin.o
LOAD d:/psoc creator/4.4/psoc creator/import/gnu/arm/5.4.1/bin/../lib/gcc/arm-none-eabi/5.4.1/../../../../arm-none-eabi/lib/armv7e-m/softfp/crt0.o
START GROUP
LOAD .\CortexM4\ARM_GCC_541\Debug\startup_psoc6_01_cm4.o
LOAD .\CortexM4\ARM_GCC_541\Debug\main_cm4.o
LOAD .\CortexM4\ARM_GCC_541\Debug\system_psoc6_cm4.o
LOAD .\CortexM4\ARM_GCC_541\Debug\cyfitter_sysint_cfg.o
LOAD .\CortexM4\ARM_GCC_541\Debug\cymetadata.o
LOAD .\CortexM4\ARM_GCC_541\Debug\cy_sysint.o
LOAD .\CortexM4\ARM_GCC_541\Debug\cy_ipc_drv.o
LOAD .\CortexM4\ARM_GCC_541\Debug\cy_ipc_sema.o
LOAD .\CortexM4\ARM_GCC_541\Debug\cy_ipc_pipe.o
LOAD .\CortexM4\ARM_GCC_541\Debug\cy_sysclk.o
LOAD .\CortexM4\ARM_GCC_541\Debug\cy_wdt.o
LOAD .\CortexM4\ARM_GCC_541\Debug\cy_efuse.o
LOAD .\CortexM4\ARM_GCC_541\Debug\cy_flash.o
LOAD .\CortexM4\ARM_GCC_541\Debug\cy_gpio.o
LOAD .\CortexM4\ARM_GCC_541\Debug\cy_sysanalog.o
LOAD .\CortexM4\ARM_GCC_541\Debug\cy_syspm.o
LOAD .\CortexM4\ARM_GCC_541\Debug\cy_syslib.o
LOAD .\CortexM4\ARM_GCC_541\Debug\cy_syslib_gcc.o
LOAD .\CortexM4\ARM_GCC_541\Debug\cy_trigmux.o
LOAD .\CortexM4\ARM_GCC_541\Debug\cy_systick.o
LOAD .\CortexM4\ARM_GCC_541\Debug\cy_profile.o
LOAD .\CortexM4\ARM_GCC_541\Debug\cy_prot.o
LOAD .\CortexM4\ARM_GCC_541\Debug\cy_lvd.o
LOAD .\CortexM4\ARM_GCC_541\Debug\cy_ctb.o
LOAD .\CortexM4\ARM_GCC_541\Debug\cy_ctdac.o
LOAD .\CortexM4\ARM_GCC_541\Debug\cy_dma.o
LOAD .\CortexM4\ARM_GCC_541\Debug\cy_device.o
LOAD .\CortexM4\ARM_GCC_541\Debug\cy_ble_clk.o
LOAD .\CortexM4\ARM_GCC_541\Debug\DMA_1.o
LOAD .\CortexM4\ARM_GCC_541\Debug\VDAC_1.o
END GROUP
START GROUP
LOAD d:/psoc creator/4.4/psoc creator/import/gnu/arm/5.4.1/bin/../lib/gcc/arm-none-eabi/5.4.1/armv7e-m/softfp\libgcc.a
LOAD d:/psoc creator/4.4/psoc creator/import/gnu/arm/5.4.1/bin/../lib/gcc/arm-none-eabi/5.4.1/../../../../arm-none-eabi/lib/armv7e-m/softfp\libg_nano.a
LOAD d:/psoc creator/4.4/psoc creator/import/gnu/arm/5.4.1/bin/../lib/gcc/arm-none-eabi/5.4.1/../../../../arm-none-eabi/lib/armv7e-m/softfp\libc_nano.a
END GROUP
START GROUP
LOAD d:/psoc creator/4.4/psoc creator/import/gnu/arm/5.4.1/bin/../lib/gcc/arm-none-eabi/5.4.1/armv7e-m/softfp\libgcc.a
LOAD d:/psoc creator/4.4/psoc creator/import/gnu/arm/5.4.1/bin/../lib/gcc/arm-none-eabi/5.4.1/../../../../arm-none-eabi/lib/armv7e-m/softfp\libc_nano.a
END GROUP
LOAD d:/psoc creator/4.4/psoc creator/import/gnu/arm/5.4.1/bin/../lib/gcc/arm-none-eabi/5.4.1/armv7e-m/softfp/crtend.o
LOAD d:/psoc creator/4.4/psoc creator/import/gnu/arm/5.4.1/bin/../lib/gcc/arm-none-eabi/5.4.1/armv7e-m/softfp/crtn.o
START GROUP
LOAD d:/psoc creator/4.4/psoc creator/import/gnu/arm/5.4.1/bin/../lib/gcc/arm-none-eabi/5.4.1/armv7e-m/softfp\libgcc.a
LOAD d:/psoc creator/4.4/psoc creator/import/gnu/arm/5.4.1/bin/../lib/gcc/arm-none-eabi/5.4.1/../../../../arm-none-eabi/lib/armv7e-m/softfp\libc.a
LOAD d:/psoc creator/4.4/psoc creator/import/gnu/arm/5.4.1/bin/../lib/gcc/arm-none-eabi/5.4.1/../../../../arm-none-eabi/lib/armv7e-m/softfp\libnosys.a
END GROUP
START GROUP
LOAD d:/psoc creator/4.4/psoc creator/import/gnu/arm/5.4.1/bin/../lib/gcc/arm-none-eabi/5.4.1/armv7e-m/softfp\libgcc.a
LOAD d:/psoc creator/4.4/psoc creator/import/gnu/arm/5.4.1/bin/../lib/gcc/arm-none-eabi/5.4.1/../../../../arm-none-eabi/lib/armv7e-m/softfp\libc.a
LOAD d:/psoc creator/4.4/psoc creator/import/gnu/arm/5.4.1/bin/../lib/gcc/arm-none-eabi/5.4.1/../../../../arm-none-eabi/lib/armv7e-m/softfp\libm.a
LOAD d:/psoc creator/4.4/psoc creator/import/gnu/arm/5.4.1/bin/../lib/gcc/arm-none-eabi/5.4.1/../../../../arm-none-eabi/lib/armv7e-m/softfp\libnosys.a
END GROUP

.text           0x10080000     0x1cc8
                0x10080000                . = ALIGN (0x4)
                0x10080000                __Vectors = .
 *(.vectors)
 .vectors       0x10080000      0x28c .\CortexM4\ARM_GCC_541\Debug\startup_psoc6_01_cm4.o
                0x1008028c                . = ALIGN (0x4)
                0x1008028c                __Vectors_End = .
                0x0000028c                __Vectors_Size = (__Vectors_End - __Vectors)
                0x1008028c                __end__ = .
                0x1008028c                . = ALIGN (0x4)
 *(.text*)
 .text          0x1008028c       0x5c d:/psoc creator/4.4/psoc creator/import/gnu/arm/5.4.1/bin/../lib/gcc/arm-none-eabi/5.4.1/armv7e-m/softfp/crtbegin.o
 .text          0x100802e8       0x84 .\CortexM4\ARM_GCC_541\Debug\startup_psoc6_01_cm4.o
                0x100802e8                Cy_OnResetUser
                0x100802ea                Reset_Handler
                0x1008034c                cpuss_interrupts_ipc_6_IRQHandler
                0x1008034c                DebugMon_Handler
                0x1008034c                tcpwm_1_interrupts_11_IRQHandler
                0x1008034c                cpuss_interrupts_ipc_0_IRQHandler
                0x1008034c                tcpwm_1_interrupts_15_IRQHandler
                0x1008034c                ioss_interrupts_gpio_13_IRQHandler
                0x1008034c                tcpwm_1_interrupts_13_IRQHandler
                0x1008034c                cpuss_interrupts_dw1_8_IRQHandler
                0x1008034c                tcpwm_0_interrupts_0_IRQHandler
                0x1008034c                SysTick_Handler
                0x1008034c                cpuss_interrupt_fm_IRQHandler
                0x1008034c                cpuss_interrupts_ipc_7_IRQHandler
                0x1008034c                tcpwm_1_interrupts_14_IRQHandler
                0x1008034c                cpuss_interrupts_dw0_5_IRQHandler
                0x1008034c                tcpwm_1_interrupts_9_IRQHandler
                0x1008034c                cpuss_interrupts_cm0_cti_1_IRQHandler
                0x1008034c                tcpwm_1_interrupts_22_IRQHandler
                0x1008034c                cpuss_interrupts_dw0_4_IRQHandler
                0x1008034c                PendSV_Handler
                0x1008034c                NMI_Handler
                0x1008034c                cpuss_interrupts_dw1_12_IRQHandler
                0x1008034c                tcpwm_1_interrupts_12_IRQHandler
                0x1008034c                smif_interrupt_IRQHandler
                0x1008034c                tcpwm_1_interrupts_2_IRQHandler
                0x1008034c                cpuss_interrupts_ipc_13_IRQHandler
                0x1008034c                udb_interrupts_11_IRQHandler
                0x1008034c                tcpwm_1_interrupts_18_IRQHandler
                0x1008034c                cpuss_interrupts_dw0_11_IRQHandler
                0x1008034c                tcpwm_0_interrupts_2_IRQHandler
                0x1008034c                cpuss_interrupts_dw0_13_IRQHandler
                0x1008034c                udb_interrupts_2_IRQHandler
                0x1008034c                cpuss_interrupts_dw1_7_IRQHandler
                0x1008034c                ioss_interrupts_gpio_1_IRQHandler
                0x1008034c                ioss_interrupts_gpio_7_IRQHandler
                0x1008034c                scb_5_interrupt_IRQHandler
                0x1008034c                udb_interrupts_6_IRQHandler
                0x1008034c                cpuss_interrupts_fault_1_IRQHandler
                0x1008034c                cpuss_interrupts_ipc_4_IRQHandler
                0x1008034c                cpuss_interrupts_ipc_5_IRQHandler
                0x1008034c                cpuss_interrupts_dw1_10_IRQHandler
                0x1008034c                udb_interrupts_0_IRQHandler
                0x1008034c                tcpwm_1_interrupts_6_IRQHandler
                0x1008034c                scb_4_interrupt_IRQHandler
                0x1008034c                pass_interrupt_dacs_IRQHandler
                0x1008034c                ioss_interrupts_gpio_2_IRQHandler
                0x1008034c                cpuss_interrupts_dw1_9_IRQHandler
                0x1008034c                cpuss_interrupts_dw1_13_IRQHandler
                0x1008034c                scb_2_interrupt_IRQHandler
                0x1008034c                cpuss_interrupts_cm0_cti_0_IRQHandler
                0x1008034c                udb_interrupts_5_IRQHandler
                0x1008034c                srss_interrupt_IRQHandler
                0x1008034c                udb_interrupts_12_IRQHandler
                0x1008034c                scb_0_interrupt_IRQHandler
                0x1008034c                csd_interrupt_IRQHandler
                0x1008034c                udb_interrupts_1_IRQHandler
                0x1008034c                profile_interrupt_IRQHandler
                0x1008034c                tcpwm_1_interrupts_1_IRQHandler
                0x1008034c                cpuss_interrupts_ipc_12_IRQHandler
                0x1008034c                tcpwm_1_interrupts_3_IRQHandler
                0x1008034c                tcpwm_0_interrupts_7_IRQHandler
                0x1008034c                cpuss_interrupts_dw1_1_IRQHandler
                0x1008034c                cpuss_interrupts_dw1_0_IRQHandler
                0x1008034c                cpuss_interrupts_dw0_9_IRQHandler
                0x1008034c                lpcomp_interrupt_IRQHandler
                0x1008034c                tcpwm_1_interrupts_23_IRQHandler
                0x1008034c                udb_interrupts_4_IRQHandler
                0x1008034c                tcpwm_1_interrupts_20_IRQHandler
                0x1008034c                ioss_interrupt_gpio_IRQHandler
                0x1008034c                tcpwm_0_interrupts_1_IRQHandler
                0x1008034c                ioss_interrupts_gpio_8_IRQHandler
                0x1008034c                tcpwm_0_interrupts_6_IRQHandler
                0x1008034c                scb_7_interrupt_IRQHandler
                0x1008034c                tcpwm_1_interrupts_7_IRQHandler
                0x1008034c                cpuss_interrupts_ipc_11_IRQHandler
                0x1008034c                udb_interrupts_13_IRQHandler
                0x1008034c                cpuss_interrupts_dw0_15_IRQHandler
                0x1008034c                udb_interrupts_7_IRQHandler
                0x1008034c                cpuss_interrupts_dw1_6_IRQHandler
                0x1008034c                cpuss_interrupt_crypto_IRQHandler
                0x1008034c                scb_1_interrupt_IRQHandler
                0x1008034c                Default_Handler
                0x1008034c                usb_interrupt_hi_IRQHandler
                0x1008034c                tcpwm_1_interrupts_0_IRQHandler
                0x1008034c                udb_interrupts_9_IRQHandler
                0x1008034c                audioss_interrupt_pdm_IRQHandler
                0x1008034c                srss_interrupt_mcwdt_0_IRQHandler
                0x1008034c                scb_3_interrupt_IRQHandler
                0x1008034c                pass_interrupt_ctbs_IRQHandler
                0x1008034c                udb_interrupts_8_IRQHandler
                0x1008034c                ioss_interrupts_gpio_3_IRQHandler
                0x1008034c                scb_6_interrupt_IRQHandler
                0x1008034c                cpuss_interrupts_cm4_cti_0_IRQHandler
                0x1008034c                cpuss_interrupts_dw1_3_IRQHandler
                0x1008034c                pass_interrupt_sar_IRQHandler
                0x1008034c                ioss_interrupts_gpio_0_IRQHandler
                0x1008034c                ioss_interrupts_gpio_14_IRQHandler
                0x1008034c                tcpwm_0_interrupts_4_IRQHandler
                0x1008034c                udb_interrupts_3_IRQHandler
                0x1008034c                tcpwm_0_interrupts_5_IRQHandler
                0x1008034c                cpuss_interrupts_ipc_15_IRQHandler
                0x1008034c                cpuss_interrupts_cm4_cti_1_IRQHandler
                0x1008034c                scb_8_interrupt_IRQHandler
                0x1008034c                srss_interrupt_mcwdt_1_IRQHandler
                0x1008034c                cpuss_interrupts_dw1_2_IRQHandler
                0x1008034c                SVC_Handler
                0x1008034c                cpuss_interrupts_dw1_5_IRQHandler
                0x1008034c                cpuss_interrupts_ipc_1_IRQHandler
                0x1008034c                cpuss_interrupts_dw0_0_IRQHandler
                0x1008034c                ioss_interrupts_gpio_12_IRQHandler
                0x1008034c                cpuss_interrupts_ipc_3_IRQHandler
                0x1008034c                tcpwm_1_interrupts_17_IRQHandler
                0x1008034c                srss_interrupt_backup_IRQHandler
                0x1008034c                bless_interrupt_IRQHandler
                0x1008034c                cpuss_interrupts_ipc_10_IRQHandler
                0x1008034c                cpuss_interrupts_ipc_9_IRQHandler
                0x1008034c                cpuss_interrupts_dw0_14_IRQHandler
                0x1008034c                tcpwm_1_interrupts_4_IRQHandler
                0x1008034c                tcpwm_0_interrupts_3_IRQHandler
                0x1008034c                cpuss_interrupts_dw1_15_IRQHandler
                0x1008034c                ioss_interrupts_gpio_10_IRQHandler
                0x1008034c                udb_interrupts_10_IRQHandler
                0x1008034c                cpuss_interrupts_dw0_8_IRQHandler
                0x1008034c                ioss_interrupts_gpio_11_IRQHandler
                0x1008034c                cpuss_interrupts_ipc_14_IRQHandler
                0x1008034c                ioss_interrupts_gpio_5_IRQHandler
                0x1008034c                ioss_interrupts_gpio_4_IRQHandler
                0x1008034c                tcpwm_1_interrupts_8_IRQHandler
                0x1008034c                cpuss_interrupts_dw1_14_IRQHandler
                0x1008034c                usb_interrupt_med_IRQHandler
                0x1008034c                cpuss_interrupts_dw0_2_IRQHandler
                0x1008034c                tcpwm_1_interrupts_10_IRQHandler
                0x1008034c                cpuss_interrupts_fault_0_IRQHandler
                0x1008034c                cpuss_interrupts_dw0_12_IRQHandler
                0x1008034c                ioss_interrupts_gpio_6_IRQHandler
                0x1008034c                tcpwm_1_interrupts_21_IRQHandler
                0x1008034c                tcpwm_1_interrupts_16_IRQHandler
                0x1008034c                cpuss_interrupts_dw1_4_IRQHandler
                0x1008034c                udb_interrupts_15_IRQHandler
                0x1008034c                cpuss_interrupts_dw1_11_IRQHandler
                0x1008034c                cpuss_interrupts_dw0_6_IRQHandler
                0x1008034c                ioss_interrupt_vdd_IRQHandler
                0x1008034c                cpuss_interrupts_dw0_7_IRQHandler
                0x1008034c                audioss_interrupt_i2s_IRQHandler
                0x1008034c                tcpwm_1_interrupts_5_IRQHandler
                0x1008034c                cpuss_interrupts_ipc_2_IRQHandler
                0x1008034c                cpuss_interrupts_dw0_10_IRQHandler
                0x1008034c                tcpwm_1_interrupts_19_IRQHandler
                0x1008034c                cpuss_interrupts_dw0_1_IRQHandler
                0x1008034c                ioss_interrupts_gpio_9_IRQHandler
                0x1008034c                usb_interrupt_lo_IRQHandler
                0x1008034c                cpuss_interrupts_ipc_8_IRQHandler
                0x1008034c                udb_interrupts_14_IRQHandler
                0x1008034c                cpuss_interrupts_dw0_3_IRQHandler
                0x10080350                UsageFault_Handler
                0x10080350                HardFault_Handler
                0x10080350                MemManage_Handler
                0x10080350                BusFault_Handler
 .text.main     0x1008036c       0x1c .\CortexM4\ARM_GCC_541\Debug\main_cm4.o
                0x1008036c                main
 .text.Cy_SysIpcPipeIsrCm4
                0x10080388        0xc .\CortexM4\ARM_GCC_541\Debug\system_psoc6_cm4.o
                0x10080388                Cy_SysIpcPipeIsrCm4
 .text.Cy_SystemInit
                0x10080394        0x4 .\CortexM4\ARM_GCC_541\Debug\system_psoc6_cm4.o
                0x10080394                Cy_SystemInit
 .text.SystemCoreClockUpdate
                0x10080398      0x190 .\CortexM4\ARM_GCC_541\Debug\system_psoc6_cm4.o
                0x10080398                SystemCoreClockUpdate
 .text.SystemInit
                0x10080528       0x48 .\CortexM4\ARM_GCC_541\Debug\system_psoc6_cm4.o
                0x10080528                SystemInit
 .text.Cy_SystemInitFpuEnable
                0x10080570       0x28 .\CortexM4\ARM_GCC_541\Debug\system_psoc6_cm4.o
                0x10080570                Cy_SystemInitFpuEnable
 .text.Cy_SysInt_SetVector
                0x10080598       0x48 .\CortexM4\ARM_GCC_541\Debug\cy_sysint.o
                0x10080598                Cy_SysInt_SetVector
 .text.Cy_SysInt_Init
                0x100805e0       0x74 .\CortexM4\ARM_GCC_541\Debug\cy_sysint.o
                0x100805e0                Cy_SysInt_Init
 .text.Cy_IPC_Drv_LockRelease
                0x10080654       0x3c .\CortexM4\ARM_GCC_541\Debug\cy_ipc_drv.o
                0x10080654                Cy_IPC_Drv_LockRelease
 .text.Cy_IPC_Drv_SendMsgWord
                0x10080690       0x3c .\CortexM4\ARM_GCC_541\Debug\cy_ipc_drv.o
                0x10080690                Cy_IPC_Drv_SendMsgWord
 .text.Cy_IPC_Drv_ReadMsgWord
                0x100806cc       0x38 .\CortexM4\ARM_GCC_541\Debug\cy_ipc_drv.o
                0x100806cc                Cy_IPC_Drv_ReadMsgWord
 .text.Cy_IPC_Sema_InitExt
                0x10080704       0xac .\CortexM4\ARM_GCC_541\Debug\cy_ipc_sema.o
                0x10080704                Cy_IPC_Sema_InitExt
 .text.Cy_IPC_Sema_Init
                0x100807b0       0x64 .\CortexM4\ARM_GCC_541\Debug\cy_ipc_sema.o
                0x100807b0                Cy_IPC_Sema_Init
 .text.Cy_IPC_Sema_Clear
                0x10080814       0x88 .\CortexM4\ARM_GCC_541\Debug\cy_ipc_sema.o
                0x10080814                Cy_IPC_Sema_Clear
 .text.Cy_IPC_Sema_Status
                0x1008089c       0x40 .\CortexM4\ARM_GCC_541\Debug\cy_ipc_sema.o
                0x1008089c                Cy_IPC_Sema_Status
 .text.Cy_IPC_Pipe_Config
                0x100808dc       0x10 .\CortexM4\ARM_GCC_541\Debug\cy_ipc_pipe.o
                0x100808dc                Cy_IPC_Pipe_Config
 .text.Cy_IPC_Pipe_EndpointInit
                0x100808ec       0xd0 .\CortexM4\ARM_GCC_541\Debug\cy_ipc_pipe.o
                0x100808ec                Cy_IPC_Pipe_EndpointInit
 .text.Cy_IPC_Pipe_Init
                0x100809bc       0xb4 .\CortexM4\ARM_GCC_541\Debug\cy_ipc_pipe.o
                0x100809bc                Cy_IPC_Pipe_Init
 .text.Cy_IPC_Pipe_SendMessage
                0x10080a70       0xa4 .\CortexM4\ARM_GCC_541\Debug\cy_ipc_pipe.o
                0x10080a70                Cy_IPC_Pipe_SendMessage
 .text.Cy_IPC_Pipe_RegisterCallback
                0x10080b14       0x50 .\CortexM4\ARM_GCC_541\Debug\cy_ipc_pipe.o
                0x10080b14                Cy_IPC_Pipe_RegisterCallback
 .text.Cy_IPC_Pipe_ExecCallback
                0x10080b64       0xbc .\CortexM4\ARM_GCC_541\Debug\cy_ipc_pipe.o
                0x10080b64                Cy_IPC_Pipe_ExecCallback
 .text.Cy_IPC_Pipe_ExecuteCallback
                0x10080c20       0x2c .\CortexM4\ARM_GCC_541\Debug\cy_ipc_pipe.o
                0x10080c20                Cy_IPC_Pipe_ExecuteCallback
 .text.Cy_Flash_ProcessOpcode
                0x10080c4c       0xac .\CortexM4\ARM_GCC_541\Debug\cy_flash.o
 .text.Cy_Flash_OperationStatus
                0x10080cf8       0x5c .\CortexM4\ARM_GCC_541\Debug\cy_flash.o
 .text.Cy_Flash_InitExt
                0x10080d54       0x80 .\CortexM4\ARM_GCC_541\Debug\cy_flash.o
                0x10080d54                Cy_Flash_InitExt
 .text.Cy_Flash_Init
                0x10080dd4       0x10 .\CortexM4\ARM_GCC_541\Debug\cy_flash.o
                0x10080dd4                Cy_Flash_Init
 .text.Cy_SysLib_Halt
                0x10080de4        0x4 .\CortexM4\ARM_GCC_541\Debug\cy_syslib.o
                0x10080de4                Cy_SysLib_Halt
 .text.Cy_SysLib_AssertFailed
                0x10080de8       0x1c .\CortexM4\ARM_GCC_541\Debug\cy_syslib.o
                0x10080de8                Cy_SysLib_AssertFailed
 .text.Cy_SysLib_ProcessingFault
                0x10080e04        0x4 .\CortexM4\ARM_GCC_541\Debug\cy_syslib.o
                0x10080e04                Cy_SysLib_ProcessingFault
 .text.Cy_SysLib_FaultHandler
                0x10080e08       0xa4 .\CortexM4\ARM_GCC_541\Debug\cy_syslib.o
                0x10080e08                Cy_SysLib_FaultHandler
 *fill*         0x10080eac        0x4 
 .text          0x10080eb0       0x20 .\CortexM4\ARM_GCC_541\Debug\cy_syslib_gcc.o
                0x10080eb0                Cy_SysLib_DelayCycles
                0x10080ec2                Cy_SysLib_EnterCriticalSection
                0x10080eca                Cy_SysLib_ExitCriticalSection
 .text.Cy_CTDAC_ConfigureClock
                0x10080ed0      0x3cc .\CortexM4\ARM_GCC_541\Debug\cy_ctdac.o
 .text.Cy_CTDAC_Init
                0x1008129c      0x168 .\CortexM4\ARM_GCC_541\Debug\cy_ctdac.o
                0x1008129c                Cy_CTDAC_Init
 .text.Cy_DMA_Descriptor_Init
                0x10081404      0x270 .\CortexM4\ARM_GCC_541\Debug\cy_dma.o
                0x10081404                Cy_DMA_Descriptor_Init
 .text.Cy_DMA_Channel_Init
                0x10081674       0xe8 .\CortexM4\ARM_GCC_541\Debug\cy_dma.o
                0x10081674                Cy_DMA_Channel_Init
 .text.Cy_PDL_Init
                0x1008175c        0xc .\CortexM4\ARM_GCC_541\Debug\cy_device.o
                0x1008175c                Cy_PDL_Init
 .text.DMA_1_Init
                0x10081768       0x44 .\CortexM4\ARM_GCC_541\Debug\DMA_1.o
                0x10081768                DMA_1_Init
 .text.DMA_1_Start
                0x100817ac       0x58 .\CortexM4\ARM_GCC_541\Debug\DMA_1.o
                0x100817ac                DMA_1_Start
 .text.VDAC_1_Start
                0x10081804       0x30 .\CortexM4\ARM_GCC_541\Debug\VDAC_1.o
                0x10081804                VDAC_1_Start
 .text.memset   0x10081834       0x10 d:/psoc creator/4.4/psoc creator/import/gnu/arm/5.4.1/bin/../lib/gcc/arm-none-eabi/5.4.1/../../../../arm-none-eabi/lib/armv7e-m/softfp\libg_nano.a(lib_a-memset.o)
                0x10081834                memset
 .text.strncpy  0x10081844       0x26 d:/psoc creator/4.4/psoc creator/import/gnu/arm/5.4.1/bin/../lib/gcc/arm-none-eabi/5.4.1/../../../../arm-none-eabi/lib/armv7e-m/softfp\libg_nano.a(lib_a-strncpy.o)
                0x10081844                strncpy
 *(.init)
 *fill*         0x1008186a        0x2 
 .init          0x1008186c        0x4 d:/psoc creator/4.4/psoc creator/import/gnu/arm/5.4.1/bin/../lib/gcc/arm-none-eabi/5.4.1/armv7e-m/softfp/crti.o
                0x1008186c                _init
 .init          0x10081870        0x8 d:/psoc creator/4.4/psoc creator/import/gnu/arm/5.4.1/bin/../lib/gcc/arm-none-eabi/5.4.1/armv7e-m/softfp/crtn.o
 *(.fini)
 .fini          0x10081878        0x4 d:/psoc creator/4.4/psoc creator/import/gnu/arm/5.4.1/bin/../lib/gcc/arm-none-eabi/5.4.1/armv7e-m/softfp/crti.o
                0x10081878                _fini
 .fini          0x1008187c        0x8 d:/psoc creator/4.4/psoc creator/import/gnu/arm/5.4.1/bin/../lib/gcc/arm-none-eabi/5.4.1/armv7e-m/softfp/crtn.o
 *crtbegin.o(.ctors)
 *crtbegin?.o(.ctors)
 *(EXCLUDE_FILE(*crtend.o *crtend?.o) .ctors)
 *(SORT(.ctors.*))
 *(.ctors)
 *crtbegin.o(.dtors)
 *crtbegin?.o(.dtors)
 *(EXCLUDE_FILE(*crtend.o *crtend?.o) .dtors)
 *(SORT(.dtors.*))
 *(.dtors)
 *(.rodata .rodata.* .constdata .constdata.* .conststring .conststring.*)
 .rodata        0x10081884       0x34 .\CortexM4\ARM_GCC_541\Debug\system_psoc6_cm4.o
 .rodata.str1.4
                0x100818b8       0x41 .\CortexM4\ARM_GCC_541\Debug\cy_sysint.o
 *fill*         0x100818f9        0x3 
 .rodata.str1.4
                0x100818fc       0x7f .\CortexM4\ARM_GCC_541\Debug\cy_ipc_drv.o
 .rodata.str1.4
                0x1008197b       0x3f .\CortexM4\ARM_GCC_541\Debug\cy_ipc_sema.o
 *fill*         0x1008197b        0x1 
 .rodata.str1.4
                0x1008197c       0x40 .\CortexM4\ARM_GCC_541\Debug\cy_ipc_pipe.o
                                 0x7f (size before relaxing)
 .rodata.str1.4
                0x100819bc       0x3f .\CortexM4\ARM_GCC_541\Debug\cy_flash.o
 *fill*         0x100819fb        0x1 
 .rodata.str1.4
                0x100819fc       0x3f .\CortexM4\ARM_GCC_541\Debug\cy_ctdac.o
 *fill*         0x10081a3b        0x1 
 .rodata.str1.4
                0x10081a3c       0x77 .\CortexM4\ARM_GCC_541\Debug\cy_dma.o
 *fill*         0x10081ab3        0x1 
 .rodata        0x10081ab4      0x170 .\CortexM4\ARM_GCC_541\Debug\cy_device.o
                0x10081ab4                cy_deviceIpBlockCfgPSoC6_02
                0x10081b6c                cy_deviceIpBlockCfgPSoC6_01
 .rodata        0x10081c24       0x30 .\CortexM4\ARM_GCC_541\Debug\DMA_1.o
                0x10081c24                DMA_1_Descriptor_1_config
 .rodata.str1.4
                0x10081c54       0x3c .\CortexM4\ARM_GCC_541\Debug\DMA_1.o
                                 0x3b (size before relaxing)
 .rodata        0x10081c90       0x34 .\CortexM4\ARM_GCC_541\Debug\VDAC_1.o
                0x10081c90                VDAC_1_ctdacConfig
 *(.eh_frame*)
 .eh_frame      0x10081cc4        0x0 d:/psoc creator/4.4/psoc creator/import/gnu/arm/5.4.1/bin/../lib/gcc/arm-none-eabi/5.4.1/armv7e-m/softfp/crtbegin.o
 .eh_frame      0x10081cc4        0x4 d:/psoc creator/4.4/psoc creator/import/gnu/arm/5.4.1/bin/../lib/gcc/arm-none-eabi/5.4.1/armv7e-m/softfp/crtend.o

.glue_7         0x10081cc8        0x0
 .glue_7        0x10081cc8        0x0 linker stubs

.glue_7t        0x10081cc8        0x0
 .glue_7t       0x10081cc8        0x0 linker stubs

.vfp11_veneer   0x10081cc8        0x0
 .vfp11_veneer  0x10081cc8        0x0 linker stubs

.v4_bx          0x10081cc8        0x0
 .v4_bx         0x10081cc8        0x0 linker stubs

.iplt           0x10081cc8        0x0
 .iplt          0x10081cc8        0x0 d:/psoc creator/4.4/psoc creator/import/gnu/arm/5.4.1/bin/../lib/gcc/arm-none-eabi/5.4.1/armv7e-m/softfp/crtbegin.o

.ARM.extab
 *(.ARM.extab* .gnu.linkonce.armextab.*)
                0x10081cc8                __exidx_start = .

.ARM.exidx
 *(.ARM.exidx* .gnu.linkonce.armexidx.*)
                0x10081cc8                __exidx_end = .

.copy.table     0x10081cc8       0x18
                0x10081cc8                . = ALIGN (0x4)
                0x10081cc8                __copy_table_start__ = .
                0x10081cc8        0x4 LONG 0x10080000 __Vectors
                0x10081ccc        0x4 LONG 0x8024000 __ram_vectors_start__
                0x10081cd0        0x4 LONG 0x28c (__Vectors_End - __Vectors)
                0x10081cd4        0x4 LONG 0x10081ce8 __etext
                0x10081cd8        0x4 LONG 0x802428c __data_start__
                0x10081cdc        0x4 LONG 0x754 (__data_end__ - __data_start__)
                0x10081ce0                __copy_table_end__ = .

.zero.table     0x10081ce0        0x8
                0x10081ce0                . = ALIGN (0x4)
                0x10081ce0                __zero_table_start__ = .
                0x10081ce0        0x4 LONG 0x8024a74 __bss_start__
                0x10081ce4        0x4 LONG 0x228 (__bss_end__ - __bss_start__)
                0x10081ce8                __zero_table_end__ = .
                0x10081ce8                __etext = .

.ramVectors     0x08024000      0x28c
                0x08024000                __ram_vectors_start__ = .
 *(.ram_vectors)
 .ram_vectors   0x08024000      0x28c .\CortexM4\ARM_GCC_541\Debug\startup_psoc6_01_cm4.o
                0x08024000                __ramVectors
                0x0802428c                __ram_vectors_end__ = .

.data           0x0802428c      0x754 load address 0x10081ce8
                0x0802428c                __data_start__ = .
 *(vtable)
 *(.data*)
 .data          0x0802428c      0x190 .\CortexM4\ARM_GCC_541\Debug\main_cm4.o
                0x0802428c                sineWaveLUT
 .data          0x0802441c       0x20 .\CortexM4\ARM_GCC_541\Debug\system_psoc6_cm4.o
                0x0802441c                cy_BleEcoClockFreqHz
                0x08024420                cy_Hfclk0FreqHz
                0x08024424                cy_PeriClkFreqHz
                0x08024428                SystemCoreClock
                0x0802442c                cy_delayFreqHz
                0x08024430                cy_delayFreqMhz
                0x08024434                cy_delayFreqKhz
                0x08024438                cy_delay32kMs
                0x0802443c                . = ALIGN (0x4)
                0x0802443c                PROVIDE (__preinit_array_start, .)
 *(.preinit_array)
                0x0802443c                PROVIDE (__preinit_array_end, .)
                0x0802443c                . = ALIGN (0x4)
                0x0802443c                PROVIDE (__init_array_start, .)
 *(SORT(.init_array.*))
 *(.init_array)
 .init_array    0x0802443c        0x4 d:/psoc creator/4.4/psoc creator/import/gnu/arm/5.4.1/bin/../lib/gcc/arm-none-eabi/5.4.1/armv7e-m/softfp/crtbegin.o
                0x08024440                PROVIDE (__init_array_end, .)
                0x08024440                . = ALIGN (0x4)
                [!provide]                PROVIDE (__fini_array_start, .)
 *(SORT(.fini_array.*))
 *(.fini_array)
 .fini_array    0x08024440        0x4 d:/psoc creator/4.4/psoc creator/import/gnu/arm/5.4.1/bin/../lib/gcc/arm-none-eabi/5.4.1/armv7e-m/softfp/crtbegin.o
                [!provide]                PROVIDE (__fini_array_end, .)
 *(.jcr*)
 .jcr           0x08024444        0x0 d:/psoc creator/4.4/psoc creator/import/gnu/arm/5.4.1/bin/../lib/gcc/arm-none-eabi/5.4.1/armv7e-m/softfp/crtbegin.o
 .jcr           0x08024444        0x4 d:/psoc creator/4.4/psoc creator/import/gnu/arm/5.4.1/bin/../lib/gcc/arm-none-eabi/5.4.1/armv7e-m/softfp/crtend.o
                0x08024448                . = ALIGN (0x4)
 *(.cy_ramfunc*)
 .cy_ramfunc    0x08024448      0x300 .\CortexM4\ARM_GCC_541\Debug\cy_flash.o
                0x080244b4                Cy_Flash_ResumeIrqHandler
 .cy_ramfunc    0x08024748      0x218 .\CortexM4\ARM_GCC_541\Debug\cy_syspm.o
 .cy_ramfunc.__stub
                0x08024960       0x80 linker stubs
                0x080249e0                . = ALIGN (0x4)
                0x080249e0                __data_end__ = .

.igot.plt       0x080249e0        0x0 load address 0x1008243c
 .igot.plt      0x080249e0        0x0 d:/psoc creator/4.4/psoc creator/import/gnu/arm/5.4.1/bin/../lib/gcc/arm-none-eabi/5.4.1/armv7e-m/softfp/crtbegin.o

.noinit         0x080249e0       0x94 load address 0x10082440
 *(.noinit)
 .noinit        0x080249e0       0x94 .\CortexM4\ARM_GCC_541\Debug\cy_syslib.o
                0x080249e0                cy_assertFileName
                0x080249f8                cy_assertLine
                0x080249fc                cy_faultFrame

.bss            0x08024a74      0x228 load address 0x100824d4
                0x08024a74                . = ALIGN (0x4)
                0x08024a74                __bss_start__ = .
 *(.bss*)
 .bss           0x08024a74       0x1c d:/psoc creator/4.4/psoc creator/import/gnu/arm/5.4.1/bin/../lib/gcc/arm-none-eabi/5.4.1/armv7e-m/softfp/crtbegin.o
 .bss           0x08024a90      0x180 .\CortexM4\ARM_GCC_541\Debug\system_psoc6_cm4.o
 .bss           0x08024c10        0xc .\CortexM4\ARM_GCC_541\Debug\cy_ipc_sema.o
 .bss           0x08024c1c        0x4 .\CortexM4\ARM_GCC_541\Debug\cy_ipc_pipe.o
 .bss           0x08024c20       0x18 .\CortexM4\ARM_GCC_541\Debug\cy_flash.o
 .bss           0x08024c38       0x3c .\CortexM4\ARM_GCC_541\Debug\cy_syspm.o
 .bss           0x08024c74       0x19 .\CortexM4\ARM_GCC_541\Debug\DMA_1.o
                0x08024c74                DMA_1_Descriptor_1
                0x08024c8c                DMA_1_initVar
 *fill*         0x08024c8d        0x3 
 .bss           0x08024c90        0x8 .\CortexM4\ARM_GCC_541\Debug\VDAC_1.o
                0x08024c90                VDAC_1_initVar
 *(COMMON)
 COMMON         0x08024c98        0x4 .\CortexM4\ARM_GCC_541\Debug\cy_device.o
                0x08024c98                cy_device
                0x08024c9c                . = ALIGN (0x4)
                0x08024c9c                __bss_end__ = .

.heap           0x08024ca0      0x400
                0x08024ca0                __HeapBase = .
                0x08024ca0                __end__ = .
                0x08024ca0                end = __end__
 *(.heap*)
 .heap          0x08024ca0      0x400 .\CortexM4\ARM_GCC_541\Debug\startup_psoc6_01_cm4.o
                0x080250a0                __HeapLimit = .

.stack_dummy    0x08024ca0     0x1000
 *(.stack*)
 .stack         0x08024ca0     0x1000 .\CortexM4\ARM_GCC_541\Debug\startup_psoc6_01_cm4.o
                0x08047800                __StackTop = (ORIGIN (ram) + LENGTH (ram))
                0x08046800                __StackLimit = (__StackTop - SIZEOF (.stack_dummy))
                0x08047800                PROVIDE (__stack, __StackTop)
                0x00000001                ASSERT ((__StackLimit >= __HeapLimit), region RAM overflowed with stack)

.cy_app_signature
 *(.cy_app_signature)

.cy_em_eeprom
 *(.cy_em_eeprom)

.cy_sflash_user_data
 *(.cy_sflash_user_data)

.cy_sflash_nar
 *(.cy_sflash_nar)

.cy_sflash_public_key
 *(.cy_sflash_public_key)

.cy_toc_part2
 *(.cy_toc_part2)

.cy_rtoc_part2
 *(.cy_rtoc_part2)

.cy_xip
 *(.cy_xip)

.cy_efuse
 *(.cy_efuse)

.cymeta         0x90500000        0xc
 *(.cymeta)
 .cymeta        0x90500000        0xc .\CortexM4\ARM_GCC_541\Debug\cymetadata.o
                0x90500000                cy_metadata
                0x10000000                __cy_memory_0_start = 0x10000000
                0x00100000                __cy_memory_0_length = 0x100000
                0x00000200                __cy_memory_0_row_size = 0x200
                0x14000000                __cy_memory_1_start = 0x14000000
                0x00008000                __cy_memory_1_length = 0x8000
                0x00000200                __cy_memory_1_row_size = 0x200
                0x16000000                __cy_memory_2_start = 0x16000000
                0x00008000                __cy_memory_2_length = 0x8000
                0x00000200                __cy_memory_2_row_size = 0x200
                0x18000000                __cy_memory_3_start = 0x18000000
                0x08000000                __cy_memory_3_length = 0x8000000
                0x00000200                __cy_memory_3_row_size = 0x200
                0x90700000                __cy_memory_4_start = 0x90700000
                0x00100000                __cy_memory_4_length = 0x100000
                0x00000001                __cy_memory_4_row_size = 0x1
OUTPUT(C:\Users\Finik\Desktop\uni_labs_4\Neiro\Embed\Proj_7.cydsn\CortexM4\ARM_GCC_541\Debug\Proj_7_link.elf elf32-littlearm)

.rel.dyn        0x08024c9c        0x0 load address 0x9855da6c
 .rel.iplt      0x08024c9c        0x0 d:/psoc creator/4.4/psoc creator/import/gnu/arm/5.4.1/bin/../lib/gcc/arm-none-eabi/5.4.1/armv7e-m/softfp/crtbegin.o

.ARM.attributes
                0x00000000       0x2e
 .ARM.attributes
                0x00000000       0x22 d:/psoc creator/4.4/psoc creator/import/gnu/arm/5.4.1/bin/../lib/gcc/arm-none-eabi/5.4.1/armv7e-m/softfp/crti.o
 .ARM.attributes
                0x00000022       0x32 d:/psoc creator/4.4/psoc creator/import/gnu/arm/5.4.1/bin/../lib/gcc/arm-none-eabi/5.4.1/armv7e-m/softfp/crtbegin.o
 .ARM.attributes
                0x00000054       0x1f .\CortexM4\ARM_GCC_541\Debug\startup_psoc6_01_cm4.o
 .ARM.attributes
                0x00000073       0x37 .\CortexM4\ARM_GCC_541\Debug\main_cm4.o
 .ARM.attributes
                0x000000aa       0x37 .\CortexM4\ARM_GCC_541\Debug\system_psoc6_cm4.o
 .ARM.attributes
                0x000000e1       0x37 .\CortexM4\ARM_GCC_541\Debug\cymetadata.o
 .ARM.attributes
                0x00000118       0x37 .\CortexM4\ARM_GCC_541\Debug\cy_sysint.o
 .ARM.attributes
                0x0000014f       0x37 .\CortexM4\ARM_GCC_541\Debug\cy_ipc_drv.o
 .ARM.attributes
                0x00000186       0x37 .\CortexM4\ARM_GCC_541\Debug\cy_ipc_sema.o
 .ARM.attributes
                0x000001bd       0x37 .\CortexM4\ARM_GCC_541\Debug\cy_ipc_pipe.o
 .ARM.attributes
                0x000001f4       0x37 .\CortexM4\ARM_GCC_541\Debug\cy_flash.o
 .ARM.attributes
                0x0000022b       0x37 .\CortexM4\ARM_GCC_541\Debug\cy_syspm.o
 .ARM.attributes
                0x00000262       0x37 .\CortexM4\ARM_GCC_541\Debug\cy_syslib.o
 .ARM.attributes
                0x00000299       0x25 .\CortexM4\ARM_GCC_541\Debug\cy_syslib_gcc.o
 .ARM.attributes
                0x000002be       0x37 .\CortexM4\ARM_GCC_541\Debug\cy_ctdac.o
 .ARM.attributes
                0x000002f5       0x37 .\CortexM4\ARM_GCC_541\Debug\cy_dma.o
 .ARM.attributes
                0x0000032c       0x37 .\CortexM4\ARM_GCC_541\Debug\cy_device.o
 .ARM.attributes
                0x00000363       0x37 .\CortexM4\ARM_GCC_541\Debug\DMA_1.o
 .ARM.attributes
                0x0000039a       0x37 .\CortexM4\ARM_GCC_541\Debug\VDAC_1.o
 .ARM.attributes
                0x000003d1       0x32 d:/psoc creator/4.4/psoc creator/import/gnu/arm/5.4.1/bin/../lib/gcc/arm-none-eabi/5.4.1/../../../../arm-none-eabi/lib/armv7e-m/softfp\libg_nano.a(lib_a-memset.o)
 .ARM.attributes
                0x00000403       0x32 d:/psoc creator/4.4/psoc creator/import/gnu/arm/5.4.1/bin/../lib/gcc/arm-none-eabi/5.4.1/../../../../arm-none-eabi/lib/armv7e-m/softfp\libg_nano.a(lib_a-strncpy.o)
 .ARM.attributes
                0x00000435       0x32 d:/psoc creator/4.4/psoc creator/import/gnu/arm/5.4.1/bin/../lib/gcc/arm-none-eabi/5.4.1/armv7e-m/softfp/crtend.o
 .ARM.attributes
                0x00000467       0x22 d:/psoc creator/4.4/psoc creator/import/gnu/arm/5.4.1/bin/../lib/gcc/arm-none-eabi/5.4.1/armv7e-m/softfp/crtn.o

.comment        0x00000000       0x6e
 .comment       0x00000000       0x6e .\CortexM4\ARM_GCC_541\Debug\main_cm4.o
                                 0x6f (size before relaxing)
 .comment       0x0000006e       0x6f .\CortexM4\ARM_GCC_541\Debug\system_psoc6_cm4.o
 .comment       0x0000006e       0x6f .\CortexM4\ARM_GCC_541\Debug\cymetadata.o
 .comment       0x0000006e       0x6f .\CortexM4\ARM_GCC_541\Debug\cy_sysint.o
 .comment       0x0000006e       0x6f .\CortexM4\ARM_GCC_541\Debug\cy_ipc_drv.o
 .comment       0x0000006e       0x6f .\CortexM4\ARM_GCC_541\Debug\cy_ipc_sema.o
 .comment       0x0000006e       0x6f .\CortexM4\ARM_GCC_541\Debug\cy_ipc_pipe.o
 .comment       0x0000006e       0x6f .\CortexM4\ARM_GCC_541\Debug\cy_flash.o
 .comment       0x0000006e       0x6f .\CortexM4\ARM_GCC_541\Debug\cy_syspm.o
 .comment       0x0000006e       0x6f .\CortexM4\ARM_GCC_541\Debug\cy_syslib.o
 .comment       0x0000006e       0x6f .\CortexM4\ARM_GCC_541\Debug\cy_ctdac.o
 .comment       0x0000006e       0x6f .\CortexM4\ARM_GCC_541\Debug\cy_dma.o
 .comment       0x0000006e       0x6f .\CortexM4\ARM_GCC_541\Debug\cy_device.o
 .comment       0x0000006e       0x6f .\CortexM4\ARM_GCC_541\Debug\DMA_1.o
 .comment       0x0000006e       0x6f .\CortexM4\ARM_GCC_541\Debug\VDAC_1.o

.debug_line     0x00000000     0x3f8f
 .debug_line    0x00000000       0x8e .\CortexM4\ARM_GCC_541\Debug\startup_psoc6_01_cm4.o
 .debug_line    0x0000008e      0x2d3 .\CortexM4\ARM_GCC_541\Debug\main_cm4.o
 .debug_line    0x00000361      0x3ff .\CortexM4\ARM_GCC_541\Debug\system_psoc6_cm4.o
 .debug_line    0x00000760      0x109 .\CortexM4\ARM_GCC_541\Debug\cymetadata.o
 .debug_line    0x00000869      0x2a5 .\CortexM4\ARM_GCC_541\Debug\cy_sysint.o
 .debug_line    0x00000b0e      0x306 .\CortexM4\ARM_GCC_541\Debug\cy_ipc_drv.o
 .debug_line    0x00000e14      0x3cf .\CortexM4\ARM_GCC_541\Debug\cy_ipc_sema.o
 .debug_line    0x000011e3      0x546 .\CortexM4\ARM_GCC_541\Debug\cy_ipc_pipe.o
 .debug_line    0x00001729      0x79c .\CortexM4\ARM_GCC_541\Debug\cy_flash.o
 .debug_line    0x00001ec5      0xa22 .\CortexM4\ARM_GCC_541\Debug\cy_syspm.o
 .debug_line    0x000028e7      0x42e .\CortexM4\ARM_GCC_541\Debug\cy_syslib.o
 .debug_line    0x00002d15       0x89 .\CortexM4\ARM_GCC_541\Debug\cy_syslib_gcc.o
 .debug_line    0x00002d9e      0x5fe .\CortexM4\ARM_GCC_541\Debug\cy_ctdac.o
 .debug_line    0x0000339c      0x4a0 .\CortexM4\ARM_GCC_541\Debug\cy_dma.o
 .debug_line    0x0000383c      0x146 .\CortexM4\ARM_GCC_541\Debug\cy_device.o
 .debug_line    0x00003982      0x2dc .\CortexM4\ARM_GCC_541\Debug\DMA_1.o
 .debug_line    0x00003c5e      0x331 .\CortexM4\ARM_GCC_541\Debug\VDAC_1.o

.debug_info     0x00000000    0x13dd0
 .debug_info    0x00000000       0x7e .\CortexM4\ARM_GCC_541\Debug\startup_psoc6_01_cm4.o
 .debug_info    0x0000007e      0x956 .\CortexM4\ARM_GCC_541\Debug\main_cm4.o
 .debug_info    0x000009d4     0x1bb3 .\CortexM4\ARM_GCC_541\Debug\system_psoc6_cm4.o
 .debug_info    0x00002587       0xac .\CortexM4\ARM_GCC_541\Debug\cymetadata.o
 .debug_info    0x00002633      0xe11 .\CortexM4\ARM_GCC_541\Debug\cy_sysint.o
 .debug_info    0x00003444      0x906 .\CortexM4\ARM_GCC_541\Debug\cy_ipc_drv.o
 .debug_info    0x00003d4a      0xc1e .\CortexM4\ARM_GCC_541\Debug\cy_ipc_sema.o
 .debug_info    0x00004968     0x1952 .\CortexM4\ARM_GCC_541\Debug\cy_ipc_pipe.o
 .debug_info    0x000062ba     0x2a10 .\CortexM4\ARM_GCC_541\Debug\cy_flash.o
 .debug_info    0x00008cca     0x4014 .\CortexM4\ARM_GCC_541\Debug\cy_syspm.o
 .debug_info    0x0000ccde     0x24fa .\CortexM4\ARM_GCC_541\Debug\cy_syslib.o
 .debug_info    0x0000f1d8       0xac .\CortexM4\ARM_GCC_541\Debug\cy_syslib_gcc.o
 .debug_info    0x0000f284     0x1a1e .\CortexM4\ARM_GCC_541\Debug\cy_ctdac.o
 .debug_info    0x00010ca2     0x130c .\CortexM4\ARM_GCC_541\Debug\cy_dma.o
 .debug_info    0x00011fae      0x551 .\CortexM4\ARM_GCC_541\Debug\cy_device.o
 .debug_info    0x000124ff      0xceb .\CortexM4\ARM_GCC_541\Debug\DMA_1.o
 .debug_info    0x000131ea      0xbe6 .\CortexM4\ARM_GCC_541\Debug\VDAC_1.o

.debug_abbrev   0x00000000     0x2120
 .debug_abbrev  0x00000000       0x14 .\CortexM4\ARM_GCC_541\Debug\startup_psoc6_01_cm4.o
 .debug_abbrev  0x00000014      0x18e .\CortexM4\ARM_GCC_541\Debug\main_cm4.o
 .debug_abbrev  0x000001a2      0x23a .\CortexM4\ARM_GCC_541\Debug\system_psoc6_cm4.o
 .debug_abbrev  0x000003dc       0x5d .\CortexM4\ARM_GCC_541\Debug\cymetadata.o
 .debug_abbrev  0x00000439      0x230 .\CortexM4\ARM_GCC_541\Debug\cy_sysint.o
 .debug_abbrev  0x00000669      0x188 .\CortexM4\ARM_GCC_541\Debug\cy_ipc_drv.o
 .debug_abbrev  0x000007f1      0x219 .\CortexM4\ARM_GCC_541\Debug\cy_ipc_sema.o
 .debug_abbrev  0x00000a0a      0x32b .\CortexM4\ARM_GCC_541\Debug\cy_ipc_pipe.o
 .debug_abbrev  0x00000d35      0x356 .\CortexM4\ARM_GCC_541\Debug\cy_flash.o
 .debug_abbrev  0x0000108b      0x320 .\CortexM4\ARM_GCC_541\Debug\cy_syspm.o
 .debug_abbrev  0x000013ab      0x337 .\CortexM4\ARM_GCC_541\Debug\cy_syslib.o
 .debug_abbrev  0x000016e2       0x14 .\CortexM4\ARM_GCC_541\Debug\cy_syslib_gcc.o
 .debug_abbrev  0x000016f6      0x2bc .\CortexM4\ARM_GCC_541\Debug\cy_ctdac.o
 .debug_abbrev  0x000019b2      0x2b0 .\CortexM4\ARM_GCC_541\Debug\cy_dma.o
 .debug_abbrev  0x00001c62       0x9d .\CortexM4\ARM_GCC_541\Debug\cy_device.o
 .debug_abbrev  0x00001cff      0x1fe .\CortexM4\ARM_GCC_541\Debug\DMA_1.o
 .debug_abbrev  0x00001efd      0x223 .\CortexM4\ARM_GCC_541\Debug\VDAC_1.o

.debug_aranges  0x00000000      0x560
 .debug_aranges
                0x00000000       0x20 .\CortexM4\ARM_GCC_541\Debug\startup_psoc6_01_cm4.o
 .debug_aranges
                0x00000020       0x20 .\CortexM4\ARM_GCC_541\Debug\main_cm4.o
 .debug_aranges
                0x00000040       0x40 .\CortexM4\ARM_GCC_541\Debug\system_psoc6_cm4.o
 .debug_aranges
                0x00000080       0x18 .\CortexM4\ARM_GCC_541\Debug\cymetadata.o
 .debug_aranges
                0x00000098       0x30 .\CortexM4\ARM_GCC_541\Debug\cy_sysint.o
 .debug_aranges
                0x000000c8       0x30 .\CortexM4\ARM_GCC_541\Debug\cy_ipc_drv.o
 .debug_aranges
                0x000000f8       0x48 .\CortexM4\ARM_GCC_541\Debug\cy_ipc_sema.o
 .debug_aranges
                0x00000140       0x68 .\CortexM4\ARM_GCC_541\Debug\cy_ipc_pipe.o
 .debug_aranges
                0x000001a8       0xb8 .\CortexM4\ARM_GCC_541\Debug\cy_flash.o
 .debug_aranges
                0x00000260      0x118 .\CortexM4\ARM_GCC_541\Debug\cy_syspm.o
 .debug_aranges
                0x00000378       0x78 .\CortexM4\ARM_GCC_541\Debug\cy_syslib.o
 .debug_aranges
                0x000003f0       0x20 .\CortexM4\ARM_GCC_541\Debug\cy_syslib_gcc.o
 .debug_aranges
                0x00000410       0x78 .\CortexM4\ARM_GCC_541\Debug\cy_ctdac.o
 .debug_aranges
                0x00000488       0x58 .\CortexM4\ARM_GCC_541\Debug\cy_dma.o
 .debug_aranges
                0x000004e0       0x20 .\CortexM4\ARM_GCC_541\Debug\cy_device.o
 .debug_aranges
                0x00000500       0x28 .\CortexM4\ARM_GCC_541\Debug\DMA_1.o
 .debug_aranges
                0x00000528       0x38 .\CortexM4\ARM_GCC_541\Debug\VDAC_1.o

.debug_ranges   0x00000000      0x498
 .debug_ranges  0x00000000       0x10 .\CortexM4\ARM_GCC_541\Debug\main_cm4.o
 .debug_ranges  0x00000010       0x48 .\CortexM4\ARM_GCC_541\Debug\system_psoc6_cm4.o
 .debug_ranges  0x00000058       0x20 .\CortexM4\ARM_GCC_541\Debug\cy_sysint.o
 .debug_ranges  0x00000078       0x20 .\CortexM4\ARM_GCC_541\Debug\cy_ipc_drv.o
 .debug_ranges  0x00000098       0x38 .\CortexM4\ARM_GCC_541\Debug\cy_ipc_sema.o
 .debug_ranges  0x000000d0       0x58 .\CortexM4\ARM_GCC_541\Debug\cy_ipc_pipe.o
 .debug_ranges  0x00000128       0xd0 .\CortexM4\ARM_GCC_541\Debug\cy_flash.o
 .debug_ranges  0x000001f8      0x138 .\CortexM4\ARM_GCC_541\Debug\cy_syspm.o
 .debug_ranges  0x00000330       0x68 .\CortexM4\ARM_GCC_541\Debug\cy_syslib.o
 .debug_ranges  0x00000398       0x68 .\CortexM4\ARM_GCC_541\Debug\cy_ctdac.o
 .debug_ranges  0x00000400       0x48 .\CortexM4\ARM_GCC_541\Debug\cy_dma.o
 .debug_ranges  0x00000448       0x10 .\CortexM4\ARM_GCC_541\Debug\cy_device.o
 .debug_ranges  0x00000458       0x18 .\CortexM4\ARM_GCC_541\Debug\DMA_1.o
 .debug_ranges  0x00000470       0x28 .\CortexM4\ARM_GCC_541\Debug\VDAC_1.o

.debug_str      0x00000000     0x6e94
 .debug_str     0x00000000      0xc10 .\CortexM4\ARM_GCC_541\Debug\main_cm4.o
                                0xca3 (size before relaxing)
 .debug_str     0x00000c10     0x1bdc .\CortexM4\ARM_GCC_541\Debug\system_psoc6_cm4.o
                               0x23d4 (size before relaxing)
 .debug_str     0x000027ec       0x30 .\CortexM4\ARM_GCC_541\Debug\cymetadata.o
                                0x1bd (size before relaxing)
 .debug_str     0x0000281c      0x173 .\CortexM4\ARM_GCC_541\Debug\cy_sysint.o
                               0x195e (size before relaxing)
 .debug_str     0x0000298f      0x196 .\CortexM4\ARM_GCC_541\Debug\cy_ipc_drv.o
                                0x97e (size before relaxing)
 .debug_str     0x00002b25      0x26f .\CortexM4\ARM_GCC_541\Debug\cy_ipc_sema.o
                                0xb6b (size before relaxing)
 .debug_str     0x00002d94      0x48f .\CortexM4\ARM_GCC_541\Debug\cy_ipc_pipe.o
                               0x208d (size before relaxing)
 .debug_str     0x00003223      0xcf2 .\CortexM4\ARM_GCC_541\Debug\cy_flash.o
                               0x2dbc (size before relaxing)
 .debug_str     0x00003f15     0x1852 .\CortexM4\ARM_GCC_541\Debug\cy_syspm.o
                               0x2b78 (size before relaxing)
 .debug_str     0x00005767      0x527 .\CortexM4\ARM_GCC_541\Debug\cy_syslib.o
                               0x1cb1 (size before relaxing)
 .debug_str     0x00005c8e      0x8b8 .\CortexM4\ARM_GCC_541\Debug\cy_ctdac.o
                               0x177d (size before relaxing)
 .debug_str     0x00006546      0x6d6 .\CortexM4\ARM_GCC_541\Debug\cy_dma.o
                                0xf47 (size before relaxing)
 .debug_str     0x00006c1c       0x5d .\CortexM4\ARM_GCC_541\Debug\cy_device.o
                                0x7cb (size before relaxing)
 .debug_str     0x00006c79       0xcf .\CortexM4\ARM_GCC_541\Debug\DMA_1.o
                                0xda6 (size before relaxing)
 .debug_str     0x00006d48      0x14c .\CortexM4\ARM_GCC_541\Debug\VDAC_1.o
                               0x1002 (size before relaxing)

.debug_frame    0x00000000      0xf1c
 .debug_frame   0x00000000       0x2c .\CortexM4\ARM_GCC_541\Debug\main_cm4.o
 .debug_frame   0x0000002c       0x84 .\CortexM4\ARM_GCC_541\Debug\system_psoc6_cm4.o
 .debug_frame   0x000000b0       0x7c .\CortexM4\ARM_GCC_541\Debug\cy_sysint.o
 .debug_frame   0x0000012c       0x70 .\CortexM4\ARM_GCC_541\Debug\cy_ipc_drv.o
 .debug_frame   0x0000019c       0xd8 .\CortexM4\ARM_GCC_541\Debug\cy_ipc_sema.o
 .debug_frame   0x00000274      0x164 .\CortexM4\ARM_GCC_541\Debug\cy_ipc_pipe.o
 .debug_frame   0x000003d8      0x258 .\CortexM4\ARM_GCC_541\Debug\cy_flash.o
 .debug_frame   0x00000630      0x3dc .\CortexM4\ARM_GCC_541\Debug\cy_syspm.o
 .debug_frame   0x00000a0c      0x12c .\CortexM4\ARM_GCC_541\Debug\cy_syslib.o
 .debug_frame   0x00000b38      0x1a0 .\CortexM4\ARM_GCC_541\Debug\cy_ctdac.o
 .debug_frame   0x00000cd8      0x130 .\CortexM4\ARM_GCC_541\Debug\cy_dma.o
 .debug_frame   0x00000e08       0x20 .\CortexM4\ARM_GCC_541\Debug\cy_device.o
 .debug_frame   0x00000e28       0x50 .\CortexM4\ARM_GCC_541\Debug\DMA_1.o
 .debug_frame   0x00000e78       0x5c .\CortexM4\ARM_GCC_541\Debug\VDAC_1.o
 .debug_frame   0x00000ed4       0x20 d:/psoc creator/4.4/psoc creator/import/gnu/arm/5.4.1/bin/../lib/gcc/arm-none-eabi/5.4.1/../../../../arm-none-eabi/lib/armv7e-m/softfp\libg_nano.a(lib_a-memset.o)
 .debug_frame   0x00000ef4       0x28 d:/psoc creator/4.4/psoc creator/import/gnu/arm/5.4.1/bin/../lib/gcc/arm-none-eabi/5.4.1/../../../../arm-none-eabi/lib/armv7e-m/softfp\libg_nano.a(lib_a-strncpy.o)

.debug_loc      0x00000000     0x45d9
 .debug_loc     0x00000000      0x1fe .\CortexM4\ARM_GCC_541\Debug\system_psoc6_cm4.o
 .debug_loc     0x000001fe      0x223 .\CortexM4\ARM_GCC_541\Debug\cy_sysint.o
 .debug_loc     0x00000421      0x2a1 .\CortexM4\ARM_GCC_541\Debug\cy_ipc_drv.o
 .debug_loc     0x000006c2      0x76b .\CortexM4\ARM_GCC_541\Debug\cy_ipc_sema.o
 .debug_loc     0x00000e2d      0x7e2 .\CortexM4\ARM_GCC_541\Debug\cy_ipc_pipe.o
 .debug_loc     0x0000160f      0xd86 .\CortexM4\ARM_GCC_541\Debug\cy_flash.o
 .debug_loc     0x00002395      0xe9a .\CortexM4\ARM_GCC_541\Debug\cy_syspm.o
 .debug_loc     0x0000322f      0x215 .\CortexM4\ARM_GCC_541\Debug\cy_syslib.o
 .debug_loc     0x00003444      0xb76 .\CortexM4\ARM_GCC_541\Debug\cy_ctdac.o
 .debug_loc     0x00003fba      0x515 .\CortexM4\ARM_GCC_541\Debug\cy_dma.o
 .debug_loc     0x000044cf       0xf2 .\CortexM4\ARM_GCC_541\Debug\DMA_1.o
 .debug_loc     0x000045c1       0x18 .\CortexM4\ARM_GCC_541\Debug\VDAC_1.o
